<area shape="rect" href="$odb__notes_8php.html#477841e21bacf8c8b922a082b668fb2d" title="exécuté automatiquement par le plugin au chargement de la page ?exec=odb_notes" alt="" coords="168,5,293,32">
<area shape="rect" href="$odb__ref_8php.html#f0b6f12f726293fcfdb8dd144b4156e1" title="exécuté automatiquement par le plugin au chargement de la page ?exec=odb_ref" alt="" coords="177,56,284,83">
<area shape="rect" href="$odb__requete_8php.html#e6910fd90b6c90c11ddff04eb85023ee" title="exec_odb_requete" alt="" coords="161,107,300,133">
<area shape="rect" href="$odb__saisie_8php.html#67a2630322ffbcb7fb0e22fe529cff6f" title="exécuté automatiquement par le plugin au chargement de la page ?exec=odb_saisie..." alt="" coords="367,157,489,184">
<area shape="rect" href="$inc&#45;referentiel_8php.html#8a347b23cd689ac91a0c11390ae5a7e4" title="Introspection du referentiel pour l&#39;annee specifiee Consiste a verifier l&#39;integrite..." alt="" coords="164,208,297,235">
<area shape="rect" href="$odb__param_8php.html#21e2b776a90c950c642402aec61c3928" title="exec_odb_param" alt="" coords="363,208,493,235">
<area shape="rect" href="$odb__repartition_8avecGeneriques_8php.html#b9758b82e8b610bcfeb6a980276cbb72" title="Repartition des candidats ODB." alt="" coords="351,259,505,285">
