<area shape="rect" href="$odb__notes_2exec_2inc&#45;traitements_8php.html#99a781952cafb10b8cb8a0adda4baa6d" title="Permet aux operateurs de saisie d&#39;acceder aux listes de resultat en fonction..." alt="" coords="193,5,340,32">
<area shape="rect" href="$odb__notes_2exec_2inc&#45;traitements_8php.html#33a267718e90ba67c7a694d64441663b" title="Affiche les notes d&#39;un candidat." alt="" coords="212,56,321,83">
<area shape="rect" href="$odb__notes2_8php.html#477841e21bacf8c8b922a082b668fb2d" title="exécuté automatiquement par le plugin au chargement de la page ?exec=odb_notes" alt="" coords="204,107,329,133">
<area shape="rect" href="$odb__param_8php.html#21e2b776a90c950c642402aec61c3928" title="exec_odb_param" alt="" coords="201,157,332,184">
<area shape="rect" href="$odb__saisie_8php.html#67a2630322ffbcb7fb0e22fe529cff6f" title="exécuté automatiquement par le plugin au chargement de la page ?exec=odb_saisie..." alt="" coords="205,208,328,235">
<area shape="rect" href="$odb__stats__siou_8php.html#0606558a56949a7488641f7e59c887ab" title="exécuté automatiquement par le plugin au chargement de la page ?exec=odb_stats_siou..." alt="" coords="191,259,343,285">
<area shape="rect" href="$inc&#45;base_8php.html#087d0df256bb4583fa369b3d1d518db5" title="Recupere le nombre de candidats dans chaque serie pour une salle donnee." alt="" coords="193,309,340,336">
<area shape="rect" href="$odb__notes_8php.html#477841e21bacf8c8b922a082b668fb2d" title="exécuté automatiquement par le plugin au chargement de la page ?exec=odb_notes" alt="" coords="393,31,519,57">
<area shape="rect" href="$odb__repartition_8php.html#ddea246a8e91ba341098ee91e0dfa1c2" title="Affiche la capacite de chaque centre." alt="" coords="393,309,519,336">
