<area shape="rect" href="$odb__notes_2exec_2inc&#45;traitements_8php.html#33a267718e90ba67c7a694d64441663b" title="Affiche les notes d&#39;un candidat." alt="" coords="240,5,349,32">
<area shape="rect" href="$odb__param_8php.html#21e2b776a90c950c642402aec61c3928" title="exec_odb_param" alt="" coords="229,56,360,83">
<area shape="rect" href="$odb__stats__siou_8php.html#0606558a56949a7488641f7e59c887ab" title="exécuté automatiquement par le plugin au chargement de la page ?exec=odb_stats_siou..." alt="" coords="219,107,371,133">
<area shape="rect" href="$odb__repartition_8php.html#9dba294120f6b7ce91b9fec569ad7ef6" title="Ligne du formulaire de repartition." alt="" coords="212,157,377,184">
<area shape="rect" href="$odb__repartition_8php.html#bdfc25176fe573ce43719376b047c528" title="Ligne &quot;Total ville&quot; du formulaire de repartition." alt="" coords="185,208,404,235">
<area shape="rect" href="$odb__notes_8php.html#477841e21bacf8c8b922a082b668fb2d" title="exécuté automatiquement par le plugin au chargement de la page ?exec=odb_notes" alt="" coords="469,5,595,32">
<area shape="rect" href="$odb__repartition_8php.html#b9758b82e8b610bcfeb6a980276cbb72" title="Repartition des candidats ODB." alt="" coords="455,183,609,209">
