<area shape="rect" href="$odb__requete_8php.html#e6910fd90b6c90c11ddff04eb85023ee" title="exec_odb_requete" alt="" coords="375,5,513,32">
<area shape="rect" href="$odb__stats__siou_8php.html#0606558a56949a7488641f7e59c887ab" title="exécuté automatiquement par le plugin au chargement de la page ?exec=odb_stats_siou..." alt="" coords="157,208,309,235">
<area shape="rect" href="$odb__repartition_8php.html#9dba294120f6b7ce91b9fec569ad7ef6" title="Ligne du formulaire de repartition." alt="" coords="151,81,316,108">
<area shape="rect" href="$inc&#45;html_8php.html#5f91efa37c4c6e04e1e2792cc0c37600" title="Affiche une table html." alt="" coords="173,157,293,184">
<area shape="rect" href="$odb__repartition_8php.html#b9758b82e8b610bcfeb6a980276cbb72" title="Repartition des candidats ODB." alt="" coords="367,56,521,83">
<area shape="rect" href="$odb__notes_2exec_2inc&#45;traitements_8php.html#25aee0267595ba3fbc7413ba12e14b2e" title="Affiche l&#39;historique du candidat passé en param." alt="" coords="376,411,512,437">
<area shape="rect" href="$odb__notes_2exec_2inc&#45;traitements_8php.html#33a267718e90ba67c7a694d64441663b" title="Affiche les notes d&#39;un candidat." alt="" coords="389,309,499,336">
<area shape="rect" href="$odb__repartition_8php.html#ddea246a8e91ba341098ee91e0dfa1c2" title="Affiche la capacite de chaque centre." alt="" coords="381,157,507,184">
<area shape="rect" href="$odb__saisie_8php.html#67a2630322ffbcb7fb0e22fe529cff6f" title="exécuté automatiquement par le plugin au chargement de la page ?exec=odb_saisie..." alt="" coords="588,132,711,159">
<area shape="rect" href="$odb__suivi_8php.html#8f8bc33065238b34963709026e9adde6" title="exec_odb_suivi" alt="" coords="385,360,503,387">
<area shape="rect" href="$inc&#45;referentiel_8php.html#8a347b23cd689ac91a0c11390ae5a7e4" title="Introspection du referentiel pour l&#39;annee specifiee Consiste a verifier l&#39;integrite..." alt="" coords="377,208,511,235">
<area shape="rect" href="$odb__repartition_2exec_2inc&#45;traitements_8php.html#010c580ae6309b4804db56b0ee07e5f8" title="Répartir les candidats." alt="" coords="377,259,511,285">
<area shape="rect" href="$odb__notes_8php.html#477841e21bacf8c8b922a082b668fb2d" title="exécuté automatiquement par le plugin au chargement de la page ?exec=odb_notes" alt="" coords="587,360,712,387">
<area shape="rect" href="$odb__param_8php.html#21e2b776a90c950c642402aec61c3928" title="exec_odb_param" alt="" coords="584,208,715,235">
<area shape="rect" href="$odb__repartition_8avecGeneriques_8php.html#b9758b82e8b610bcfeb6a980276cbb72" title="Repartition des candidats ODB." alt="" coords="572,259,727,285">
