<area shape="rect" href="$odb__ref_8php.html#f0b6f12f726293fcfdb8dd144b4156e1" title="exécuté automatiquement par le plugin au chargement de la page ?exec=odb_ref" alt="" coords="453,5,560,32">
<area shape="rect" href="$inc&#45;referentiel_8php.html#c23eab81895f040f0ff6f3ee312a7f63" title="Cree les OPTIONS tirees du referentiel passe en parametre." alt="" coords="209,56,385,83">
<area shape="rect" href="$inc&#45;html_8php.html#8e011c8d22f485dcee8b90fa3ff656c7" title="Cree un champ SELECT contenant les annees de 2002 a annee en cours + 1." alt="" coords="231,107,364,133">
<area shape="rect" href="$inc&#45;html_8php.html#91572c26546b401889dffeb695be248f" title="Champ SELECT Vrai/Faux boolean." alt="" coords="223,157,372,184">
<area shape="rect" href="$inc&#45;referentiel_8php.html#caa8fb22e017e5edd73e572b1c091189" title="formSelectRefInTR" alt="" coords="435,56,579,83">
<area shape="rect" href="$odb__saisie_8php.html#67a2630322ffbcb7fb0e22fe529cff6f" title="exécuté automatiquement par le plugin au chargement de la page ?exec=odb_saisie..." alt="" coords="628,107,751,133">
<area shape="rect" href="$odb__import_8php.html#7bd675bee4f6b2cc8994b9c8a7d03039" title="exec_odb_import" alt="" coords="441,157,572,184">
<area shape="rect" href="$odb__saisie_8php.html#b323857b58a69e0f0ff29ffd9d24d192" title="affiche formulaire de saisie" alt="" coords="444,208,569,235">
