<area shape="rect" href="$odb__notes_8php.html#477841e21bacf8c8b922a082b668fb2d" title="exécuté automatiquement par le plugin au chargement de la page ?exec=odb_notes" alt="" coords="131,5,256,32">
<area shape="rect" href="$odb__saisie_8php.html#67a2630322ffbcb7fb0e22fe529cff6f" title="exécuté automatiquement par le plugin au chargement de la page ?exec=odb_saisie..." alt="" coords="327,157,449,184">
<area shape="rect" href="$odb__suivi_8php.html#8f8bc33065238b34963709026e9adde6" title="exec_odb_suivi" alt="" coords="135,107,252,133">
<area shape="rect" href="$inc&#45;referentiel_8php.html#8a347b23cd689ac91a0c11390ae5a7e4" title="Introspection du referentiel pour l&#39;annee specifiee Consiste a verifier l&#39;integrite..." alt="" coords="127,56,260,83">
<area shape="rect" href="$inc&#45;regles__gestion_8php.html#7b7e71083f065a8f45947cf013206a64" title="reglesGestion" alt="" coords="139,208,248,235">
<area shape="rect" href="$odb__param_8php.html#21e2b776a90c950c642402aec61c3928" title="exec_odb_param" alt="" coords="323,81,453,108">
<area shape="rect" href="$odb__repartition_8avecGeneriques_8php.html#b9758b82e8b610bcfeb6a980276cbb72" title="Repartition des candidats ODB." alt="" coords="311,31,465,57">
<area shape="rect" href="$inc&#45;fichiers_8php.html#2153dd9ac414142bd968bd484f875abe" title="Lit et affiche le contenu d&#39;un fichier csv." alt="" coords="341,208,435,235">
<area shape="rect" href="$inc&#45;fichiers_8php.html#3656c8f5a58718532bd18937ce8ad6d7" title="reprise de l&#39;import de fichier (process de verification apres upload)" alt="" coords="515,208,629,235">
<area shape="rect" href="$odb__import_8php.html#7bd675bee4f6b2cc8994b9c8a7d03039" title="exec_odb_import" alt="" coords="679,208,809,235">
