<area shape="rect" href="$odb__notes_2exec_2inc&#45;traitements_8php.html#25aee0267595ba3fbc7413ba12e14b2e" title="Affiche l&#39;historique du candidat passé en param." alt="" coords="184,5,320,32">
<area shape="rect" href="$odb__notes_2exec_2inc&#45;traitements_8php.html#33a267718e90ba67c7a694d64441663b" title="Affiche les notes d&#39;un candidat." alt="" coords="197,56,307,83">
<area shape="rect" href="$odb__repartition_8php.html#ddea246a8e91ba341098ee91e0dfa1c2" title="Affiche la capacite de chaque centre." alt="" coords="189,107,315,133">
<area shape="rect" href="$odb__repartition_8php.html#b9758b82e8b610bcfeb6a980276cbb72" title="Repartition des candidats ODB." alt="" coords="175,157,329,184">
<area shape="rect" href="$odb__requete_8php.html#e6910fd90b6c90c11ddff04eb85023ee" title="exec_odb_requete" alt="" coords="183,208,321,235">
<area shape="rect" href="$odb__saisie_8php.html#67a2630322ffbcb7fb0e22fe529cff6f" title="exécuté automatiquement par le plugin au chargement de la page ?exec=odb_saisie..." alt="" coords="396,284,519,311">
<area shape="rect" href="$odb__suivi_8php.html#8f8bc33065238b34963709026e9adde6" title="exec_odb_suivi" alt="" coords="193,309,311,336">
<area shape="rect" href="$inc&#45;referentiel_8php.html#8a347b23cd689ac91a0c11390ae5a7e4" title="Introspection du referentiel pour l&#39;annee specifiee Consiste a verifier l&#39;integrite..." alt="" coords="185,360,319,387">
<area shape="rect" href="$odb__repartition_2exec_2inc&#45;traitements_8php.html#010c580ae6309b4804db56b0ee07e5f8" title="Répartir les candidats." alt="" coords="185,411,319,437">
<area shape="rect" href="$odb__notes_8php.html#477841e21bacf8c8b922a082b668fb2d" title="exécuté automatiquement par le plugin au chargement de la page ?exec=odb_notes" alt="" coords="395,31,520,57">
<area shape="rect" href="$odb__param_8php.html#21e2b776a90c950c642402aec61c3928" title="exec_odb_param" alt="" coords="392,360,523,387">
<area shape="rect" href="$odb__repartition_8avecGeneriques_8php.html#b9758b82e8b610bcfeb6a980276cbb72" title="Repartition des candidats ODB." alt="" coords="380,411,535,437">
