<area shape="rect" href="$odb__notes_2exec_2inc&#45;traitements_8php.html#33a267718e90ba67c7a694d64441663b" title="Affiche les notes d&#39;un candidat." alt="" coords="213,5,323,32">
<area shape="rect" href="$odb__param_8php.html#21e2b776a90c950c642402aec61c3928" title="exec_odb_param" alt="" coords="419,157,549,184">
<area shape="rect" href="$odb__ref_8php.html#f0b6f12f726293fcfdb8dd144b4156e1" title="exécuté automatiquement par le plugin au chargement de la page ?exec=odb_ref" alt="" coords="431,56,537,83">
<area shape="rect" href="$inc&#45;referentiel_8php.html#c23eab81895f040f0ff6f3ee312a7f63" title="Cree les OPTIONS tirees du referentiel passe en parametre." alt="" coords="180,107,356,133">
<area shape="rect" href="$inc&#45;referentiel_8php.html#8a347b23cd689ac91a0c11390ae5a7e4" title="Introspection du referentiel pour l&#39;annee specifiee Consiste a verifier l&#39;integrite..." alt="" coords="201,208,335,235">
<area shape="rect" href="$odb__notes_8php.html#477841e21bacf8c8b922a082b668fb2d" title="exécuté automatiquement par le plugin au chargement de la page ?exec=odb_notes" alt="" coords="421,5,547,32">
<area shape="rect" href="$inc&#45;referentiel_8php.html#caa8fb22e017e5edd73e572b1c091189" title="formSelectRefInTR" alt="" coords="412,107,556,133">
<area shape="rect" href="$odb__saisie_8php.html#67a2630322ffbcb7fb0e22fe529cff6f" title="exécuté automatiquement par le plugin au chargement de la page ?exec=odb_saisie..." alt="" coords="612,157,735,184">
<area shape="rect" href="$odb__repartition_8avecGeneriques_8php.html#b9758b82e8b610bcfeb6a980276cbb72" title="Repartition des candidats ODB." alt="" coords="407,259,561,285">
