<area shape="rect" href="$odb__stats__siou_8php.html#0606558a56949a7488641f7e59c887ab" title="exécuté automatiquement par le plugin au chargement de la page ?exec=odb_stats_siou..." alt="" coords="200,5,352,32">
<area shape="rect" href="$inc&#45;referentiel_8php.html#c23eab81895f040f0ff6f3ee312a7f63" title="Cree les OPTIONS tirees du referentiel passe en parametre." alt="" coords="188,107,364,133">
<area shape="rect" href="$inc&#45;referentiel_8php.html#34801d7492d31569357873533e30d04d" title="isInReferentiel" alt="" coords="220,56,332,83">
<area shape="rect" href="$inc&#45;html_8php.html#5f91efa37c4c6e04e1e2792cc0c37600" title="Affiche une table html." alt="" coords="216,360,336,387">
<area shape="rect" href="$odb__ref_8php.html#f0b6f12f726293fcfdb8dd144b4156e1" title="exécuté automatiquement par le plugin au chargement de la page ?exec=odb_ref" alt="" coords="439,81,545,108">
<area shape="rect" href="$inc&#45;referentiel_8php.html#caa8fb22e017e5edd73e572b1c091189" title="formSelectRefInTR" alt="" coords="420,132,564,159">
<area shape="rect" href="$odb__saisie_8php.html#67a2630322ffbcb7fb0e22fe529cff6f" title="exécuté automatiquement par le plugin au chargement de la page ?exec=odb_saisie..." alt="" coords="636,157,759,184">
<area shape="rect" href="$inc&#45;regles__gestion_8php.html#7b7e71083f065a8f45947cf013206a64" title="reglesGestion" alt="" coords="437,31,547,57">
<area shape="rect" href="$inc&#45;fichiers_8php.html#2153dd9ac414142bd968bd484f875abe" title="Lit et affiche le contenu d&#39;un fichier csv." alt="" coords="651,31,744,57">
<area shape="rect" href="$inc&#45;fichiers_8php.html#3656c8f5a58718532bd18937ce8ad6d7" title="reprise de l&#39;import de fichier (process de verification apres upload)" alt="" coords="824,31,939,57">
<area shape="rect" href="$odb__import_8php.html#7bd675bee4f6b2cc8994b9c8a7d03039" title="exec_odb_import" alt="" coords="988,31,1119,57">
<area shape="rect" href="$odb__notes_2exec_2inc&#45;traitements_8php.html#25aee0267595ba3fbc7413ba12e14b2e" title="Affiche l&#39;historique du candidat passé en param." alt="" coords="424,385,560,412">
<area shape="rect" href="$odb__notes_2exec_2inc&#45;traitements_8php.html#33a267718e90ba67c7a694d64441663b" title="Affiche les notes d&#39;un candidat." alt="" coords="437,436,547,463">
<area shape="rect" href="$odb__repartition_8php.html#ddea246a8e91ba341098ee91e0dfa1c2" title="Affiche la capacite de chaque centre." alt="" coords="429,487,555,513">
<area shape="rect" href="$odb__repartition_8php.html#b9758b82e8b610bcfeb6a980276cbb72" title="Repartition des candidats ODB." alt="" coords="415,537,569,564">
<area shape="rect" href="$odb__requete_8php.html#e6910fd90b6c90c11ddff04eb85023ee" title="exec_odb_requete" alt="" coords="423,588,561,615">
<area shape="rect" href="$odb__suivi_8php.html#8f8bc33065238b34963709026e9adde6" title="exec_odb_suivi" alt="" coords="433,233,551,260">
<area shape="rect" href="$inc&#45;referentiel_8php.html#8a347b23cd689ac91a0c11390ae5a7e4" title="Introspection du referentiel pour l&#39;annee specifiee Consiste a verifier l&#39;integrite..." alt="" coords="425,284,559,311">
<area shape="rect" href="$odb__repartition_2exec_2inc&#45;traitements_8php.html#010c580ae6309b4804db56b0ee07e5f8" title="Répartir les candidats." alt="" coords="425,335,559,361">
<area shape="rect" href="$odb__notes_8php.html#477841e21bacf8c8b922a082b668fb2d" title="exécuté automatiquement par le plugin au chargement de la page ?exec=odb_notes" alt="" coords="635,411,760,437">
<area shape="rect" href="$odb__param_8php.html#21e2b776a90c950c642402aec61c3928" title="exec_odb_param" alt="" coords="632,284,763,311">
<area shape="rect" href="$odb__repartition_8avecGeneriques_8php.html#b9758b82e8b610bcfeb6a980276cbb72" title="Repartition des candidats ODB." alt="" coords="620,335,775,361">
