<area shape="rect" href="$inc&#45;html_8php.html#ee820c089a642b6c9643b4a48fc46395" title="Cree un champ INPUT TEXT dans une ligne TR." alt="" coords="187,5,315,32">
<area shape="rect" href="$inc&#45;html_8php.html#8e011c8d22f485dcee8b90fa3ff656c7" title="Cree un champ SELECT contenant les annees de 2002 a annee en cours + 1." alt="" coords="393,157,527,184">
<area shape="rect" href="$inc&#45;referentiel_8php.html#c6883d9c334e278e5a3ca040f8b16cc2" title="cree une liste SELECT a partir des resultats d&#39;une requete SQL pour un referentiel..." alt="" coords="599,63,753,89">
<area shape="rect" href="$inc&#45;odb_8php.html#cc73cdf19f49ae7162c99fd07a614e88" title="Execute une requete sql." alt="" coords="804,259,892,285">
<area shape="rect" href="$inc&#45;referentiel_8php.html#caa8fb22e017e5edd73e572b1c091189" title="formSelectRefInTR" alt="" coords="179,309,323,336">
<area shape="rect" href="$inc&#45;referentiel_8php.html#8da6b5d71b8b85a4443092e825841479" title="getReferentiel" alt="" coords="620,259,732,285">
<area shape="rect" href="$inc&#45;html_8php.html#9e275c42206610f6e5a60fb84f386886" title="Debut de balise SELECT dans un TR." alt="" coords="401,360,519,387">
<area shape="rect" href="$inc&#45;odb_8php.html#50e3b190a166aaf85cb237405cf56be2" title="affiche un numero de table de facon lisible pour un humain" alt="" coords="183,867,319,893">
<area shape="rect" href="$odb__notes_2exec_2inc&#45;bdd_8php.html#000899dd9da7cf04c35abc6e440d6ed3" title="Recupere le nombre de candidats selon divers criteres." alt="" coords="613,120,739,147">
<area shape="rect" href="$inc&#45;odb_8php.html#147d380870b3247e67b18fd9d7adf910" title="Determine le type d&#39;utilisateur." alt="" coords="385,765,535,792">
<area shape="rect" href="$inc&#45;regles__gestion_8php.html#abf23b66cd362adaa508de5bfb22706a" title="l&#39;utilisateur est il admin ?" alt="" coords="424,461,496,488">
<area shape="rect" href="$inc&#45;odb_8php.html#bbbb7d83cb4d809eae2b31b2a3b1f556" title="Interdit l&#39;acces a un utilisateur qui n&#39;est pas dans le tableau $tOK." alt="" coords="209,765,292,792">
<area shape="rect" href="$odb__saisie_8php.html#b323857b58a69e0f0ff29ffd9d24d192" title="affiche formulaire de saisie" alt="" coords="188,208,313,235">
<area shape="rect" href="$inc&#45;html_8php.html#5f91efa37c4c6e04e1e2792cc0c37600" title="Affiche une table html." alt="" coords="400,613,520,640">
<area shape="rect" href="$inc&#45;referentiel_8php.html#8a347b23cd689ac91a0c11390ae5a7e4" title="Introspection du referentiel pour l&#39;annee specifiee Consiste a verifier l&#39;integrite..." alt="" coords="184,563,317,589">
<area shape="rect" href="$inc&#45;html_8php.html#26ce7f961b7c017f444305029440e0d3" title="Ajoute du code javascript." alt="" coords="408,664,512,691">
<area shape="rect" href="$inc&#45;regles__gestion_8php.html#7b7e71083f065a8f45947cf013206a64" title="reglesGestion" alt="" coords="196,411,305,437">
<area shape="rect" href="$inc&#45;html_8php.html#7be54cdf2beda343e02419f1ac46fa0c" title="Cree un champ OPTION dans un SELECT." alt="" coords="599,183,753,209">
<area shape="rect" href="$inc&#45;referentiel_8php.html#c23eab81895f040f0ff6f3ee312a7f63" title="Cree les OPTIONS tirees du referentiel passe en parametre." alt="" coords="372,259,548,285">
<area shape="rect" href="$inc&#45;html_8php.html#6479fd1beeb46ce4b7261b9054a8ccb1" title="Fin de balise SELECT dans un TR." alt="" coords="401,309,519,336">
<area shape="rect" href="$inc&#45;html_8php.html#af111db152a79e88015b3a80345d0cdd" title="affiche une boite de message" alt="" coords="615,335,737,361">
<area shape="rect" href="$inc&#45;html_8php.html#5b029790bb0355c3329199b4a8cdd8b8" title="Supprime les accents et enleve les espaces inutiles." alt="" coords="611,411,741,437">
<area shape="rect" href="$inc&#45;html_8php.html#3dae9c9943cf37bd111dd3552a061650" title="Nettoie une chaine de caracteres." alt="" coords="629,613,723,640">
<area shape="rect" href="$inc&#45;referentiel_8php.html#34801d7492d31569357873533e30d04d" title="isInReferentiel" alt="" coords="404,411,516,437">
