<area shape="rect" href="$inc&#45;base_8php.html#e650b2b60d956f431fe360f4c8f9190d" title="Recupere le nombre de candidats dans chaque serie pour un centre donne." alt="" coords="183,5,343,32">
<area shape="rect" href="$inc&#45;odb_8php.html#cc73cdf19f49ae7162c99fd07a614e88" title="Execute une requete sql." alt="" coords="577,81,665,108">
<area shape="rect" href="$inc&#45;base_8php.html#087d0df256bb4583fa369b3d1d518db5" title="Recupere le nombre de candidats dans chaque serie pour une salle donnee." alt="" coords="189,132,336,159">
<area shape="rect" href="$inc&#45;html_8php.html#5f91efa37c4c6e04e1e2792cc0c37600" title="Affiche une table html." alt="" coords="203,259,323,285">
<area shape="rect" href="$inc&#45;odb_8php.html#50e3b190a166aaf85cb237405cf56be2" title="affiche un numero de table de facon lisible pour un humain" alt="" coords="392,157,528,184">
<area shape="rect" href="$inc&#45;base_8php.html#9655e52be1c8d2424b01b145d69bbe3d" title="Recupere le plus grand id_table disponible pour le centre de composition." alt="" coords="404,208,516,235">
<area shape="rect" href="$inc&#45;html_8php.html#3dae9c9943cf37bd111dd3552a061650" title="Nettoie une chaine de caracteres." alt="" coords="413,259,507,285">
<area shape="rect" href="$inc&#45;html_8php.html#5b029790bb0355c3329199b4a8cdd8b8" title="Supprime les accents et enleve les espaces inutiles." alt="" coords="395,309,525,336">
