<area shape="rect" href="$inc&#45;odb_8php.html#50e3b190a166aaf85cb237405cf56be2" title="affiche un numero de table de facon lisible pour un humain" alt="" coords="251,5,387,32">
<area shape="rect" href="$inc&#45;referentiel_8php.html#8da6b5d71b8b85a4443092e825841479" title="getReferentiel" alt="" coords="263,56,375,83">
<area shape="rect" href="$inc&#45;odb_8php.html#cc73cdf19f49ae7162c99fd07a614e88" title="Execute une requete sql." alt="" coords="508,107,596,133">
<area shape="rect" href="$inc&#45;html_8php.html#a99d47bed9e80456aaed4dc43d2fc0cc" title="rend une chaine compatible url&#45;rewriting" alt="" coords="253,157,384,184">
<area shape="rect" href="$odb__stats__siou_8php.html#ce9eb81c4f9b83197fdc340ae19d2995" title="Icone d&#39;impression des convocations Affiche une icone par groupe de 300 convocations..." alt="" coords="208,208,429,235">
<area shape="rect" href="$inc&#45;odb_8php.html#bbbb7d83cb4d809eae2b31b2a3b1f556" title="Interdit l&#39;acces a un utilisateur qui n&#39;est pas dans le tableau $tOK." alt="" coords="277,309,360,336">
<area shape="rect" href="$inc&#45;referentiel_8php.html#38c3065b99469bad788c627a7b70360b" title="Met les decisions a jour." alt="" coords="249,259,388,285">
<area shape="rect" href="$inc&#45;html_8php.html#3dae9c9943cf37bd111dd3552a061650" title="Nettoie une chaine de caracteres." alt="" coords="272,360,365,387">
<area shape="rect" href="$inc&#45;html_8php.html#c30387742c6bd008f7c588879a73dea9" title="table des matieres Le tableau des index determine le texte a afficher et le nom des..." alt="" coords="245,411,392,437">
<area shape="rect" href="$inc&#45;html_8php.html#5b029790bb0355c3329199b4a8cdd8b8" title="Supprime les accents et enleve les espaces inutiles." alt="" coords="253,461,384,488">
<area shape="rect" href="$inc&#45;html_8php.html#d0713456555cf1be05ad6a7767ba5891" title="affiche un texte la verticale (image, si gd install)" alt="" coords="283,512,355,539">
<area shape="rect" href="$inc&#45;odb_8php.html#147d380870b3247e67b18fd9d7adf910" title="Determine le type d&#39;utilisateur." alt="" coords="477,309,627,336">
