<area shape="rect" href="$inc&#45;regles__gestion_8php.html#abf23b66cd362adaa508de5bfb22706a" title="l&#39;utilisateur est il admin ?" alt="" coords="195,5,267,32">
<area shape="rect" href="$inc&#45;odb_8php.html#bbbb7d83cb4d809eae2b31b2a3b1f556" title="Interdit l&#39;acces a un utilisateur qui n&#39;est pas dans le tableau $tOK." alt="" coords="189,56,272,83">
<area shape="rect" href="$inc&#45;html_8php.html#5f91efa37c4c6e04e1e2792cc0c37600" title="Affiche une table html." alt="" coords="171,107,291,133">
<area shape="rect" href="$inc&#45;odb_8php.html#cc73cdf19f49ae7162c99fd07a614e88" title="Execute une requete sql." alt="" coords="187,157,275,184">
<area shape="rect" href="$inc&#45;referentiel_8php.html#ca269ae75f013c9730f590443481c7f9" title="odb_raccourcis" alt="" coords="173,208,288,235">
<area shape="rect" href="$inc&#45;html_8php.html#fa7c9d548e547f5aa3b1a88df9ec970c" title="Affiche une vignette (icone de type de fichier)." alt="" coords="193,259,268,285">
<area shape="rect" href="$inc&#45;odb_8php.html#147d380870b3247e67b18fd9d7adf910" title="Determine le type d&#39;utilisateur." alt="" coords="339,56,488,83">
<area shape="rect" href="$inc&#45;html_8php.html#3dae9c9943cf37bd111dd3552a061650" title="Nettoie une chaine de caracteres." alt="" coords="367,107,460,133">
<area shape="rect" href="$inc&#45;html_8php.html#5b029790bb0355c3329199b4a8cdd8b8" title="Supprime les accents et enleve les espaces inutiles." alt="" coords="348,157,479,184">
